0 verbose cli C:\Program Files\nodejs\node.exe C:\Users\ASUS\AppData\Roaming\npm\node_modules\npm\bin\npm-cli.js
1 info using npm@11.13.0
2 info using node@v22.14.0
3 silly config load:file:C:\Users\ASUS\AppData\Roaming\npm\node_modules\npm\npmrc
4 silly config load:file:C:\Users\ASUS\Desktop\resume\.npmrc
5 silly config load:file:C:\Users\ASUS\.npmrc
6 silly config load:file:C:\Users\ASUS\AppData\Roaming\npm\etc\npmrc
7 verbose title npm install react-icons
8 verbose argv "install" "react-icons"
9 verbose logfile logs-max:10 dir:C:\Users\ASUS\Desktop\resume\.npm-cache\_logs\2026-05-15T04_39_25_869Z-
10 verbose logfile C:\Users\ASUS\Desktop\resume\.npm-cache\_logs\2026-05-15T04_39_25_869Z-debug-0.log
11 silly logfile done cleaning log files
12 silly packumentCache heap:4345298944 maxSize:1086324736 maxEntrySize:543162368
13 silly idealTree buildDeps
14 silly fetch manifest react-icons@*
15 silly packumentCache full:https://registry.npmjs.org/react-icons cache-miss
16 http fetch GET 200 https://registry.npmjs.org/react-icons 251ms (cache miss)
17 silly packumentCache full:https://registry.npmjs.org/react-icons set size:undefined disposed:false
18 silly fetch manifest react@*
19 silly packumentCache full:https://registry.npmjs.org/react cache-miss
20 http fetch GET 200 https://registry.npmjs.org/react 76ms (cache revalidated)
21 silly packumentCache full:https://registry.npmjs.org/react set size:6650647 disposed:false
22 silly placeDep ROOT react-icons@5.6.0 OK for:  want: *
23 silly placeDep ROOT react@19.2.6 OK for: react-icons@5.6.0 want: *
24 silly reify moves {}
25 http cache react@https://registry.npmjs.org/react/-/react-19.2.6.tgz 0ms (cache hit)
26 http cache react-icons@https://registry.npmjs.org/react-icons/-/react-icons-5.6.0.tgz 0ms (cache hit)
27 silly tarball no local data for react-icons@https://registry.npmjs.org/react-icons/-/react-icons-5.6.0.tgz. Extracting by manifest.
28 http fetch GET 200 https://registry.npmjs.org/react-icons/-/react-icons-5.6.0.tgz 5820ms (cache miss)
29 silly ADD node_modules/react
30 silly ADD node_modules/react-icons
31 verbose cwd C:\Users\ASUS\Desktop\resume
32 verbose os Windows_NT 10.0.26200
33 verbose node v22.14.0
34 verbose npm  v11.13.0
35 verbose exit 0
36 info ok
