0 verbose cli C:\Program Files\nodejs\node.exe C:\Users\ASUS\AppData\Roaming\npm\node_modules\npm\bin\npm-cli.js
1 info using npm@11.13.0
2 info using node@v22.14.0
3 silly config load:file:C:\Users\ASUS\AppData\Roaming\npm\node_modules\npm\npmrc
4 silly config load:file:C:\Users\ASUS\Desktop\resume\.npmrc
5 silly config load:file:C:\Users\ASUS\.npmrc
6 silly config load:file:C:\Users\ASUS\AppData\Roaming\npm\etc\npmrc
7 verbose title npm install framer-motion
8 verbose argv "install" "framer-motion"
9 verbose logfile logs-max:10 dir:C:\Users\ASUS\Desktop\resume\.npm-cache\_logs\2026-05-15T04_40_49_352Z-
10 verbose logfile C:\Users\ASUS\Desktop\resume\.npm-cache\_logs\2026-05-15T04_40_49_352Z-debug-0.log
11 silly logfile done cleaning log files
12 silly packumentCache heap:4345298944 maxSize:1086324736 maxEntrySize:543162368
13 silly idealTree buildDeps
14 silly fetch manifest framer-motion@*
15 silly packumentCache full:https://registry.npmjs.org/framer-motion cache-miss
16 http fetch GET 200 https://registry.npmjs.org/framer-motion 772ms (cache miss)
17 silly packumentCache full:https://registry.npmjs.org/framer-motion set size:undefined disposed:false
18 silly fetch manifest @emotion/is-prop-valid@*
19 silly packumentCache full:https://registry.npmjs.org/@emotion%2fis-prop-valid cache-miss
20 http fetch GET 200 https://registry.npmjs.org/@emotion%2fis-prop-valid 599ms (cache miss)
21 silly packumentCache full:https://registry.npmjs.org/@emotion%2fis-prop-valid set size:undefined disposed:false
22 silly fetch manifest react@^18.0.0 || ^19.0.0
23 silly packumentCache full:https://registry.npmjs.org/react cache-miss
24 http cache https://registry.npmjs.org/react 29ms (cache hit)
25 silly packumentCache full:https://registry.npmjs.org/react set size:6650647 disposed:false
26 silly fetch manifest react-dom@^18.0.0 || ^19.0.0
27 silly packumentCache full:https://registry.npmjs.org/react-dom cache-miss
28 http fetch GET 200 https://registry.npmjs.org/react-dom 76ms (cache revalidated)
29 silly packumentCache full:https://registry.npmjs.org/react-dom set size:8868827 disposed:false
30 silly placeDep ROOT framer-motion@12.38.0 OK for:  want: *
31 silly fetch manifest tslib@^2.4.0
32 silly packumentCache full:https://registry.npmjs.org/tslib cache-miss
33 silly fetch manifest motion-dom@^12.38.0
34 silly packumentCache full:https://registry.npmjs.org/motion-dom cache-miss
35 silly fetch manifest motion-utils@^12.36.0
36 silly packumentCache full:https://registry.npmjs.org/motion-utils cache-miss
37 http fetch GET 200 https://registry.npmjs.org/tslib 149ms (cache revalidated)
38 silly packumentCache full:https://registry.npmjs.org/tslib set size:108760 disposed:false
39 http fetch GET 200 https://registry.npmjs.org/motion-dom 302ms (cache miss)
40 silly packumentCache full:https://registry.npmjs.org/motion-dom set size:undefined disposed:false
41 http fetch GET 200 https://registry.npmjs.org/motion-utils 384ms (cache miss)
42 silly packumentCache full:https://registry.npmjs.org/motion-utils set size:undefined disposed:false
43 silly placeDep ROOT motion-dom@12.38.0 OK for: framer-motion@12.38.0 want: ^12.38.0
44 silly placeDep ROOT motion-utils@12.36.0 OK for: framer-motion@12.38.0 want: ^12.36.0
45 silly placeDep ROOT tslib@2.8.1 OK for: framer-motion@12.38.0 want: ^2.4.0
46 silly reify moves {}
47 silly audit bulk request {
47 silly audit   react: [ '19.2.6' ],
47 silly audit   'react-icons': [ '5.6.0' ],
47 silly audit   'framer-motion': [ '12.38.0' ],
47 silly audit   'motion-dom': [ '12.38.0' ],
47 silly audit   'motion-utils': [ '12.36.0' ],
47 silly audit   tslib: [ '2.8.1' ]
47 silly audit }
48 http cache tslib@https://registry.npmjs.org/tslib/-/tslib-2.8.1.tgz 0ms (cache hit)
49 http cache motion-utils@https://registry.npmjs.org/motion-utils/-/motion-utils-12.36.0.tgz 0ms (cache hit)
50 http cache motion-dom@https://registry.npmjs.org/motion-dom/-/motion-dom-12.38.0.tgz 0ms (cache hit)
51 silly tarball no local data for tslib@https://registry.npmjs.org/tslib/-/tslib-2.8.1.tgz. Extracting by manifest.
52 silly tarball no local data for motion-utils@https://registry.npmjs.org/motion-utils/-/motion-utils-12.36.0.tgz. Extracting by manifest.
53 http cache framer-motion@https://registry.npmjs.org/framer-motion/-/framer-motion-12.38.0.tgz 0ms (cache hit)
54 silly tarball no local data for motion-dom@https://registry.npmjs.org/motion-dom/-/motion-dom-12.38.0.tgz. Extracting by manifest.
55 silly tarball no local data for framer-motion@https://registry.npmjs.org/framer-motion/-/framer-motion-12.38.0.tgz. Extracting by manifest.
56 http fetch GET 200 https://registry.npmjs.org/tslib/-/tslib-2.8.1.tgz 114ms (cache miss)
57 http fetch POST 200 https://registry.npmjs.org/-/npm/v1/security/advisories/bulk 315ms
58 silly audit report {}
59 http fetch GET 200 https://registry.npmjs.org/motion-utils/-/motion-utils-12.36.0.tgz 548ms (cache miss)
60 http fetch GET 200 https://registry.npmjs.org/framer-motion/-/framer-motion-12.38.0.tgz 2202ms (cache miss)
61 http fetch GET 200 https://registry.npmjs.org/motion-dom/-/motion-dom-12.38.0.tgz 2495ms (cache miss)
62 silly ADD node_modules/tslib
63 silly ADD node_modules/motion-utils
64 silly ADD node_modules/motion-dom
65 silly ADD node_modules/framer-motion
66 verbose cwd C:\Users\ASUS\Desktop\resume
67 verbose os Windows_NT 10.0.26200
68 verbose node v22.14.0
69 verbose npm  v11.13.0
70 verbose exit 0
71 info ok
